#
# There is insufficient memory for the Java Runtime Environment to continue.
# Native memory allocation (malloc) failed to allocate 1048576 bytes. Error detail: AllocateHeap
# Possible reasons:
#   The system is out of physical RAM or swap space
#   This process is running with CompressedOops enabled, and the Java Heap may be blocking the growth of the native heap
# Possible solutions:
#   Reduce memory load on the system
#   Increase physical memory or swap space
#   Check if swap backing store is full
#   Decrease Java heap size (-Xmx/-Xms)
#   Decrease number of Java threads
#   Decrease Java thread stack sizes (-Xss)
#   Set larger code cache with -XX:ReservedCodeCacheSize=
#   JVM is running with Unscaled Compressed Oops mode in which the Java heap is
#     placed in the first 4GB address space. The Java Heap base address is the
#     maximum limit for the native heap growth. Please use -XX:HeapBaseMinAddress
#     to set the Java Heap base and to place the Java Heap above 4GB virtual address.
# This output file may be truncated or incomplete.
#
#  Out of Memory Error (allocation.cpp:44), pid=32588, tid=13652
#
# JRE version: OpenJDK Runtime Environment Temurin-21.0.9+10 (21.0.9+10) (build 21.0.9+10-LTS)
# Java VM: OpenJDK 64-Bit Server VM Temurin-21.0.9+10 (21.0.9+10-LTS, mixed mode, sharing, tiered, compressed oops, compressed class ptrs, parallel gc, windows-amd64)
# No core dump will be written. Minidumps are not enabled by default on client versions of Windows
#

---------------  S U M M A R Y ------------

Command Line: --add-modules=ALL-SYSTEM --add-opens=java.base/java.util=ALL-UNNAMED --add-opens=java.base/java.lang=ALL-UNNAMED --add-opens=java.base/sun.nio.fs=ALL-UNNAMED -Declipse.application=org.eclipse.jdt.ls.core.id1 -Dosgi.bundles.defaultStartLevel=4 -Declipse.product=org.eclipse.jdt.ls.core.product -Djava.import.generatesMetadataFilesAtProjectRoot=false -DDetectVMInstallationsJob.disabled=true -Dfile.encoding=utf8 -XX:+UseParallelGC -XX:GCTimeRatio=4 -XX:AdaptiveSizePolicyWeight=90 -Dsun.zip.disableMemoryMapping=true -Xmx2G -Xms100m -Xlog:disable -javaagent:c:\Users\caodu\.vscode\extensions\redhat.java-1.50.0-win32-x64\lombok\lombok-1.18.39-4050.jar -XX:+HeapDumpOnOutOfMemoryError -XX:HeapDumpPath=c:\Users\caodu\AppData\Roaming\Code\User\workspaceStorage\91f23345f430e8ab805d9e9d7250fe58\redhat.java -Daether.dependencyCollector.impl=bf c:\Users\caodu\.vscode\extensions\redhat.java-1.50.0-win32-x64\server\plugins\org.eclipse.equinox.launcher_1.7.100.v20251111-0406.jar -configuration c:\Users\caodu\AppData\Roaming\Code\User\globalStorage\redhat.java\1.50.0\config_win -data c:\Users\caodu\AppData\Roaming\Code\User\workspaceStorage\91f23345f430e8ab805d9e9d7250fe58\redhat.java\jdt_ws --pipe=\\.\pipe\lsp-1e7f9b6b114d9d2752acb2a75a958666-sock

Host: AMD Ryzen 5 6600H with Radeon Graphics         , 12 cores, 7G,  Windows 11 , 64 bit Build 26100 (10.0.26100.7309)
Time: Mon Dec 15 22:10:39 2025 SE Asia Standard Time elapsed time: 5685.360888 seconds (0d 1h 34m 45s)

---------------  T H R E A D  ---------------

Current thread (0x00000202f7fa8b50):  JavaThread "Attach Listener" daemon [_thread_in_vm, id=13652, stack(0x000000f220600000,0x000000f220700000) (1024K)]

Stack: [0x000000f220600000,0x000000f220700000]
Native frames: (J=compiled Java code, j=interpreted, Vv=VM code, C=native code)
V  [jvm.dll+0x6d6e29]
V  [jvm.dll+0x8b4b76]
V  [jvm.dll+0x8b712e]
V  [jvm.dll+0x8b7813]
V  [jvm.dll+0x283d86]
V  [jvm.dll+0xc1277]
V  [jvm.dll+0x6d76d9]
V  [jvm.dll+0x133466]
V  [jvm.dll+0x3f7ea6]
V  [jvm.dll+0x85e9ad]
V  [jvm.dll+0x6d565d]
C  [ucrtbase.dll+0x37b0]
C  [KERNEL32.DLL+0x2e8d7]
C  [ntdll.dll+0x8c53c]


---------------  P R O C E S S  ---------------

Threads class SMR info:
_java_thread_list=0x00000202da613cb0, length=38, elements={
0x00000202f7f01710, 0x00000202f7fa53b0, 0x00000202ff9ad3d0, 0x00000202f7fa7f00,
0x00000202f7fa8b50, 0x00000202f7fab6b0, 0x00000202f7fac100, 0x00000202f7facf30,
0x00000202f7fbced0, 0x00000202d0ffa2b0, 0x00000202d6023310, 0x00000202d66d4980,
0x00000202d68130e0, 0x00000202d640bab0, 0x00000202d640c4e0, 0x00000202d6ba0f80,
0x00000202d6ce5420, 0x00000202d0eaba20, 0x00000202d0ea9950, 0x00000202d0ea92c0,
0x00000202d0eaad00, 0x00000202d0eab390, 0x00000202d70adc90, 0x00000202d70ad600,
0x00000202d70b03f0, 0x00000202d70ae9b0, 0x00000202d70ae320, 0x00000202d70af040,
0x00000202d70af6d0, 0x00000202d70acf70, 0x00000202da892cf0, 0x00000202da895450,
0x00000202da895ae0, 0x00000202da896170, 0x00000202da894dc0, 0x00000202da896800,
0x00000202da8940a0, 0x00000202da893380
}

Java Threads: ( => current thread )
  0x00000202f7f01710 JavaThread "main"                              [_thread_blocked, id=32720, stack(0x000000f21ff00000,0x000000f220000000) (1024K)]
  0x00000202f7fa53b0 JavaThread "Reference Handler"          daemon [_thread_blocked, id=8544, stack(0x000000f220300000,0x000000f220400000) (1024K)]
  0x00000202ff9ad3d0 JavaThread "Finalizer"                  daemon [_thread_blocked, id=29580, stack(0x000000f220400000,0x000000f220500000) (1024K)]
  0x00000202f7fa7f00 JavaThread "Signal Dispatcher"          daemon [_thread_blocked, id=29548, stack(0x000000f220500000,0x000000f220600000) (1024K)]
=>0x00000202f7fa8b50 JavaThread "Attach Listener"            daemon [_thread_in_vm, id=13652, stack(0x000000f220600000,0x000000f220700000) (1024K)]
  0x00000202f7fab6b0 JavaThread "Service Thread"             daemon [_thread_blocked, id=29916, stack(0x000000f220700000,0x000000f220800000) (1024K)]
  0x00000202f7fac100 JavaThread "Monitor Deflation Thread"   daemon [_thread_blocked, id=27292, stack(0x000000f220800000,0x000000f220900000) (1024K)]
  0x00000202f7facf30 JavaThread "C2 CompilerThread0"         daemon [_thread_blocked, id=27464, stack(0x000000f220900000,0x000000f220a00000) (1024K)]
  0x00000202f7fbced0 JavaThread "C1 CompilerThread0"         daemon [_thread_blocked, id=9552, stack(0x000000f220a00000,0x000000f220b00000) (1024K)]
  0x00000202d0ffa2b0 JavaThread "Common-Cleaner"             daemon [_thread_blocked, id=32012, stack(0x000000f220b00000,0x000000f220c00000) (1024K)]
  0x00000202d6023310 JavaThread "Notification Thread"        daemon [_thread_blocked, id=12028, stack(0x000000f220c00000,0x000000f220d00000) (1024K)]
  0x00000202d66d4980 JavaThread "Active Thread: Equinox Container: 7c6e5174-a90f-41e7-a24e-b8fa85dd4767"        [_thread_blocked, id=3568, stack(0x000000f221400000,0x000000f221500000) (1024K)]
  0x00000202d68130e0 JavaThread "Refresh Thread: Equinox Container: 7c6e5174-a90f-41e7-a24e-b8fa85dd4767" daemon [_thread_blocked, id=24960, stack(0x000000f221500000,0x000000f221600000) (1024K)]
  0x00000202d640bab0 JavaThread "Framework Event Dispatcher: Equinox Container: 7c6e5174-a90f-41e7-a24e-b8fa85dd4767" daemon [_thread_blocked, id=31844, stack(0x000000f221700000,0x000000f221800000) (1024K)]
  0x00000202d640c4e0 JavaThread "Start Level: Equinox Container: 7c6e5174-a90f-41e7-a24e-b8fa85dd4767" daemon [_thread_blocked, id=27060, stack(0x000000f221800000,0x000000f221900000) (1024K)]
  0x00000202d6ba0f80 JavaThread "Bundle File Closer"         daemon [_thread_blocked, id=15340, stack(0x000000f221b00000,0x000000f221c00000) (1024K)]
  0x00000202d6ce5420 JavaThread "SCR Component Actor"        daemon [_thread_blocked, id=10784, stack(0x000000f220d00000,0x000000f220e00000) (1024K)]
  0x00000202d0eaba20 JavaThread "Worker-JM"                         [_thread_blocked, id=22748, stack(0x000000f221c00000,0x000000f221d00000) (1024K)]
  0x00000202d0ea9950 JavaThread "JNA Cleaner"                daemon [_thread_blocked, id=20456, stack(0x000000f221d00000,0x000000f221e00000) (1024K)]
  0x00000202d0ea92c0 JavaThread "Worker-1"                          [_thread_blocked, id=29880, stack(0x000000f221f00000,0x000000f222000000) (1024K)]
  0x00000202d0eaad00 JavaThread "Java indexing"              daemon [_thread_blocked, id=27728, stack(0x000000f222200000,0x000000f222300000) (1024K)]
  0x00000202d0eab390 JavaThread "Worker-2"                          [_thread_blocked, id=21900, stack(0x000000f222300000,0x000000f222400000) (1024K)]
  0x00000202d70adc90 JavaThread "Thread-1"                   daemon [_thread_in_native, id=11360, stack(0x000000f222800000,0x000000f222900000) (1024K)]
  0x00000202d70ad600 JavaThread "Thread-2"                   daemon [_thread_in_native, id=5276, stack(0x000000f222900000,0x000000f222a00000) (1024K)]
  0x00000202d70b03f0 JavaThread "Thread-3"                   daemon [_thread_in_native, id=21044, stack(0x000000f222a00000,0x000000f222b00000) (1024K)]
  0x00000202d70ae9b0 JavaThread "Thread-4"                   daemon [_thread_in_native, id=29244, stack(0x000000f222b00000,0x000000f222c00000) (1024K)]
  0x00000202d70ae320 JavaThread "Thread-5"                   daemon [_thread_in_native, id=32516, stack(0x000000f222c00000,0x000000f222d00000) (1024K)]
  0x00000202d70af040 JavaThread "Thread-6"                   daemon [_thread_in_native, id=5284, stack(0x000000f222d00000,0x000000f222e00000) (1024K)]
  0x00000202d70af6d0 JavaThread "Thread-7"                   daemon [_thread_in_native, id=22160, stack(0x000000f222e00000,0x000000f222f00000) (1024K)]
  0x00000202d70acf70 JavaThread "Thread-8"                   daemon [_thread_in_native, id=14380, stack(0x000000f222f00000,0x000000f223000000) (1024K)]
  0x00000202da892cf0 JavaThread "Thread-9"                   daemon [_thread_in_native, id=26376, stack(0x000000f223000000,0x000000f223100000) (1024K)]
  0x00000202da895450 JavaThread "Thread-10"                  daemon [_thread_in_native, id=26648, stack(0x000000f223100000,0x000000f223200000) (1024K)]
  0x00000202da895ae0 JavaThread "Thread-11"                  daemon [_thread_in_native, id=28432, stack(0x000000f223200000,0x000000f223300000) (1024K)]
  0x00000202da896170 JavaThread "Thread-12"                  daemon [_thread_in_native, id=19564, stack(0x000000f223300000,0x000000f223400000) (1024K)]
  0x00000202da894dc0 JavaThread "Thread-13"                  daemon [_thread_in_native, id=31452, stack(0x000000f223400000,0x000000f223500000) (1024K)]
  0x00000202da896800 JavaThread "pool-2-thread-1"                   [_thread_blocked, id=8276, stack(0x000000f223500000,0x000000f223600000) (1024K)]
  0x00000202da8940a0 JavaThread "WorkspaceEventsHandler"            [_thread_blocked, id=5884, stack(0x000000f223600000,0x000000f223700000) (1024K)]
  0x00000202da893380 JavaThread "pool-1-thread-1"                   [_thread_blocked, id=2368, stack(0x000000f223700000,0x000000f223800000) (1024K)]
Total: 38

Other Threads:
  0x00000202ff994960 VMThread "VM Thread"                           [id=18096, stack(0x000000f220200000,0x000000f220300000) (1024K)]
  0x00000202ff88ca00 WatcherThread "VM Periodic Task Thread"        [id=26228, stack(0x000000f220100000,0x000000f220200000) (1024K)]
  0x00000202f7f1f8d0 WorkerThread "GC Thread#0"                     [id=30976, stack(0x000000f220000000,0x000000f220100000) (1024K)]
  0x00000202d61ebca0 WorkerThread "GC Thread#1"                     [id=7048, stack(0x000000f220e00000,0x000000f220f00000) (1024K)]
  0x00000202d67db930 WorkerThread "GC Thread#2"                     [id=27216, stack(0x000000f220f00000,0x000000f221000000) (1024K)]
  0x00000202d67dbcd0 WorkerThread "GC Thread#3"                     [id=11500, stack(0x000000f221000000,0x000000f221100000) (1024K)]
  0x00000202d67dc070 WorkerThread "GC Thread#4"                     [id=30920, stack(0x000000f221100000,0x000000f221200000) (1024K)]
  0x00000202d61ec040 WorkerThread "GC Thread#5"                     [id=31704, stack(0x000000f221200000,0x000000f221300000) (1024K)]
  0x00000202d61ec3e0 WorkerThread "GC Thread#6"                     [id=31052, stack(0x000000f221300000,0x000000f221400000) (1024K)]
  0x00000202d6813740 WorkerThread "GC Thread#7"                     [id=27984, stack(0x000000f221600000,0x000000f221700000) (1024K)]
  0x00000202d6cc2fb0 WorkerThread "GC Thread#8"                     [id=30108, stack(0x000000f221900000,0x000000f221a00000) (1024K)]
  0x00000202d6bc9940 WorkerThread "GC Thread#9"                     [id=32732, stack(0x000000f221a00000,0x000000f221b00000) (1024K)]
Total: 12

Threads with active compile tasks:
Total: 0

VM state: not at safepoint (normal execution)

VM Mutex/Monitor currently owned by a thread: None

Heap address: 0x0000000080000000, size: 2048 MB, Compressed Oops mode: 32-bit

CDS archive(s) mapped at: [0x000002028f000000-0x000002028fba0000-0x000002028fba0000), size 12189696, SharedBaseAddress: 0x000002028f000000, ArchiveRelocationMode: 1.
Compressed class space mapped at: 0x0000020290000000-0x00000202d0000000, reserved size: 1073741824
Narrow klass base: 0x000002028f000000, Narrow klass shift: 0, Narrow klass range: 0x100000000

GC Precious Log:
 CardTable entry size: 512
 CPUs: 12 total, 12 available
 Memory: 7365M
 Large Page Support: Disabled
 NUMA Support: Disabled
 Compressed Oops: Enabled (32-bit)
 Alignments: Space 512K, Generation 512K, Heap 2M
 Heap Min Capacity: 100M
 Heap Initial Capacity: 100M
 Heap Max Capacity: 2G
 Pre-touch: Disabled
 Parallel Workers: 10

Heap:
 PSYoungGen      total 13312K, used 8363K [0x00000000d5580000, 0x00000000d6380000, 0x0000000100000000)
  eden space 12288K, 61% used [0x00000000d5580000,0x00000000d5ce2c30,0x00000000d6180000)
  from space 1024K, 78% used [0x00000000d6180000,0x00000000d6248000,0x00000000d6280000)
  to   space 1024K, 0% used [0x00000000d6280000,0x00000000d6280000,0x00000000d6380000)
 ParOldGen       total 95232K, used 63611K [0x0000000080000000, 0x0000000085d00000, 0x00000000d5580000)
  object space 95232K, 66% used [0x0000000080000000,0x0000000083e1ee60,0x0000000085d00000)
 Metaspace       used 60099K, committed 61504K, reserved 1114112K
  class space    used 6366K, committed 6976K, reserved 1048576K

Card table byte_map: [0x00000202f78a0000,0x00000202f7cb0000] _byte_map_base: 0x00000202f74a0000

Marking Bits: (ParMarkBitMap*) 0x00007fff7af22460
 Begin Bits: [0x00000202fb3b0000, 0x00000202fd3b0000)
 End Bits:   [0x00000202fd3b0000, 0x00000202ff3b0000)

Polling page: 0x00000202f6150000

Metaspace:

Usage:
  Non-class:     52.47 MB used.
      Class:      6.22 MB used.
       Both:     58.69 MB used.

Virtual space:
  Non-class space:       64.00 MB reserved,      53.25 MB ( 83%) committed,  1 nodes.
      Class space:        1.00 GB reserved,       6.81 MB ( <1%) committed,  1 nodes.
             Both:        1.06 GB reserved,      60.06 MB (  6%) committed. 

Chunk freelists:
   Non-Class:  10.22 MB
       Class:  9.13 MB
        Both:  19.35 MB

MaxMetaspaceSize: unlimited
CompressedClassSpaceSize: 1.00 GB
Initial GC threshold: 21.00 MB
Current GC threshold: 97.31 MB
CDS: on
 - commit_granule_bytes: 65536.
 - commit_granule_words: 8192.
 - virtual_space_node_default_size: 8388608.
 - enlarge_chunks_in_place: 1.
 - use_allocation_guard: 0.


Internal statistics:

num_allocs_failed_limit: 9.
num_arena_births: 1130.
num_arena_deaths: 22.
num_vsnodes_births: 2.
num_vsnodes_deaths: 0.
num_space_committed: 961.
num_space_uncommitted: 0.
num_chunks_returned_to_freelist: 35.
num_chunks_taken_from_freelist: 4053.
num_chunk_merges: 17.
num_chunk_splits: 2428.
num_chunks_enlarged: 1278.
num_inconsistent_stats: 0.

CodeHeap 'non-profiled nmethods': size=120000Kb used=7341Kb max_used=7341Kb free=112658Kb
 bounds [0x0000020287ad0000, 0x0000020288200000, 0x000002028f000000]
CodeHeap 'profiled nmethods': size=120000Kb used=24632Kb max_used=24632Kb free=95367Kb
 bounds [0x0000020280000000, 0x0000020281810000, 0x0000020287530000]
CodeHeap 'non-nmethods': size=5760Kb used=1404Kb max_used=1466Kb free=4355Kb
 bounds [0x0000020287530000, 0x00000202877a0000, 0x0000020287ad0000]
CodeCache: size=245760Kb, used=33377Kb, max_used=33439Kb, free=212380Kb
 total_blobs=11563, nmethods=10851, adapters=618, full_count=0
Compilation: enabled, stopped_count=0, restarted_count=0

Compilation events (20 events):
Event: 4665.816 Thread 0x00000202f7fbced0 11633   !   3       java.lang.ref.ReferenceQueue::remove (61 bytes)
Event: 4665.853 Thread 0x00000202f7fbced0 nmethod 11633 0x0000020281804290 code [0x0000020281804520, 0x00000202818050a8]
Event: 4665.853 Thread 0x00000202f7fbced0 11634       3       java.lang.ref.ReferenceQueue::remove0 (64 bytes)
Event: 4665.858 Thread 0x00000202f7fbced0 nmethod 11634 0x0000020281805490 code [0x00000202818056a0, 0x0000020281805b20]
Event: 4749.053 Thread 0x00000202f7fbced0 11635   !   3       org.eclipse.core.internal.jobs.JobManager::nextJob (291 bytes)
Event: 4749.305 Thread 0x00000202f7fbced0 nmethod 11635 0x0000020281805c90 code [0x0000020281806120, 0x0000020281808258]
Event: 4808.741 Thread 0x00000202f7fbced0 11636       3       org.eclipse.core.internal.jobs.JobManager::startJob (89 bytes)
Event: 4808.788 Thread 0x00000202f7fbced0 nmethod 11636 0x0000020281809390 code [0x0000020281809640, 0x000002028180a4a0]
Event: 4808.789 Thread 0x00000202f7fbced0 11638       3       org.eclipse.core.internal.jobs.JobQueue::isEmpty (18 bytes)
Event: 4808.790 Thread 0x00000202f7fbced0 nmethod 11638 0x000002028180a910 code [0x000002028180aac0, 0x000002028180ac50]
Event: 4808.790 Thread 0x00000202f7fbced0 11637       1       org.eclipse.core.internal.jobs.InternalJob::setStartTime (6 bytes)
Event: 4808.790 Thread 0x00000202f7fbced0 nmethod 11637 0x00000202881fb190 code [0x00000202881fb320, 0x00000202881fb400]
Event: 4808.793 Thread 0x00000202f7fbced0 11639   !   3       org.eclipse.core.internal.jobs.JobManager::sleepHint (67 bytes)
Event: 4808.802 Thread 0x00000202f7fbced0 nmethod 11639 0x000002028180ad10 code [0x000002028180af80, 0x000002028180ba50]
Event: 4990.141 Thread 0x00000202f7fbced0 11640       3       java.util.concurrent.locks.AbstractQueuedSynchronizer$ConditionObject::await (202 bytes)
Event: 4990.186 Thread 0x00000202f7fbced0 nmethod 11640 0x000002028180bf10 code [0x000002028180c200, 0x000002028180d030]
Event: 5026.068 Thread 0x00000202f7fbced0 11641       3       java.lang.ref.ReferenceQueue::await (15 bytes)
Event: 5026.079 Thread 0x00000202f7fbced0 nmethod 11641 0x000002028180d610 code [0x000002028180d7c0, 0x000002028180d960]
Event: 5649.098 Thread 0x00000202f7fbced0 11642  s!   3       org.eclipse.core.internal.jobs.WorkerPool::sleep (124 bytes)
Event: 5649.134 Thread 0x00000202f7fbced0 nmethod 11642 0x000002028180da90 code [0x000002028180dca0, 0x000002028180e1b8]

GC Heap History (20 events):
Event: 27.112 GC heap before
{Heap before GC invocations=79 (full 2):
 PSYoungGen      total 13312K, used 13312K [0x00000000d5580000, 0x00000000d6500000, 0x0000000100000000)
  eden space 12288K, 100% used [0x00000000d5580000,0x00000000d6180000,0x00000000d6180000)
  from space 1024K, 100% used [0x00000000d6300000,0x00000000d6400000,0x00000000d6400000)
  to   space 1536K, 0% used [0x00000000d6180000,0x00000000d6180000,0x00000000d6300000)
 ParOldGen       total 92160K, used 92101K [0x0000000080000000, 0x0000000085a00000, 0x00000000d5580000)
  object space 92160K, 99% used [0x0000000080000000,0x00000000859f1440,0x0000000085a00000)
 Metaspace       used 55707K, committed 57152K, reserved 1114112K
  class space    used 5954K, committed 6592K, reserved 1048576K
}
Event: 27.114 GC heap after
{Heap after GC invocations=79 (full 2):
 PSYoungGen      total 12800K, used 416K [0x00000000d5580000, 0x00000000d6380000, 0x0000000100000000)
  eden space 12288K, 0% used [0x00000000d5580000,0x00000000d5580000,0x00000000d6180000)
  from space 512K, 81% used [0x00000000d6180000,0x00000000d61e8010,0x00000000d6200000)
  to   space 1024K, 0% used [0x00000000d6280000,0x00000000d6280000,0x00000000d6380000)
 ParOldGen       total 93184K, used 92699K [0x0000000080000000, 0x0000000085b00000, 0x00000000d5580000)
  object space 93184K, 99% used [0x0000000080000000,0x0000000085a86ed8,0x0000000085b00000)
 Metaspace       used 55707K, committed 57152K, reserved 1114112K
  class space    used 5954K, committed 6592K, reserved 1048576K
}
Event: 27.361 GC heap before
{Heap before GC invocations=80 (full 2):
 PSYoungGen      total 12800K, used 12695K [0x00000000d5580000, 0x00000000d6380000, 0x0000000100000000)
  eden space 12288K, 99% used [0x00000000d5580000,0x00000000d617de38,0x00000000d6180000)
  from space 512K, 81% used [0x00000000d6180000,0x00000000d61e8010,0x00000000d6200000)
  to   space 1024K, 0% used [0x00000000d6280000,0x00000000d6280000,0x00000000d6380000)
 ParOldGen       total 93184K, used 92699K [0x0000000080000000, 0x0000000085b00000, 0x00000000d5580000)
  object space 93184K, 99% used [0x0000000080000000,0x0000000085a86ed8,0x0000000085b00000)
 Metaspace       used 55955K, committed 57344K, reserved 1114112K
  class space    used 5982K, committed 6592K, reserved 1048576K
}
Event: 27.362 GC heap after
{Heap after GC invocations=80 (full 2):
 PSYoungGen      total 13312K, used 512K [0x00000000d5580000, 0x00000000d6380000, 0x0000000100000000)
  eden space 12288K, 0% used [0x00000000d5580000,0x00000000d5580000,0x00000000d6180000)
  from space 1024K, 50% used [0x00000000d6280000,0x00000000d6300000,0x00000000d6380000)
  to   space 1024K, 0% used [0x00000000d6180000,0x00000000d6180000,0x00000000d6280000)
 ParOldGen       total 93184K, used 92923K [0x0000000080000000, 0x0000000085b00000, 0x00000000d5580000)
  object space 93184K, 99% used [0x0000000080000000,0x0000000085abeed8,0x0000000085b00000)
 Metaspace       used 55955K, committed 57344K, reserved 1114112K
  class space    used 5982K, committed 6592K, reserved 1048576K
}
Event: 27.661 GC heap before
{Heap before GC invocations=81 (full 2):
 PSYoungGen      total 13312K, used 12800K [0x00000000d5580000, 0x00000000d6380000, 0x0000000100000000)
  eden space 12288K, 100% used [0x00000000d5580000,0x00000000d6180000,0x00000000d6180000)
  from space 1024K, 50% used [0x00000000d6280000,0x00000000d6300000,0x00000000d6380000)
  to   space 1024K, 0% used [0x00000000d6180000,0x00000000d6180000,0x00000000d6280000)
 ParOldGen       total 93184K, used 92923K [0x0000000080000000, 0x0000000085b00000, 0x00000000d5580000)
  object space 93184K, 99% used [0x0000000080000000,0x0000000085abeed8,0x0000000085b00000)
 Metaspace       used 56319K, committed 57728K, reserved 1114112K
  class space    used 6014K, committed 6656K, reserved 1048576K
}
Event: 27.663 GC heap after
{Heap after GC invocations=81 (full 2):
 PSYoungGen      total 13312K, used 718K [0x00000000d5580000, 0x00000000d6380000, 0x0000000100000000)
  eden space 12288K, 0% used [0x00000000d5580000,0x00000000d5580000,0x00000000d6180000)
  from space 1024K, 70% used [0x00000000d6180000,0x00000000d6233a50,0x00000000d6280000)
  to   space 1024K, 0% used [0x00000000d6280000,0x00000000d6280000,0x00000000d6380000)
 ParOldGen       total 93696K, used 93279K [0x0000000080000000, 0x0000000085b80000, 0x00000000d5580000)
  object space 93696K, 99% used [0x0000000080000000,0x0000000085b17ee8,0x0000000085b80000)
 Metaspace       used 56319K, committed 57728K, reserved 1114112K
  class space    used 6014K, committed 6656K, reserved 1048576K
}
Event: 27.999 GC heap before
{Heap before GC invocations=82 (full 2):
 PSYoungGen      total 13312K, used 12973K [0x00000000d5580000, 0x00000000d6380000, 0x0000000100000000)
  eden space 12288K, 99% used [0x00000000d5580000,0x00000000d6177b28,0x00000000d6180000)
  from space 1024K, 70% used [0x00000000d6180000,0x00000000d6233a50,0x00000000d6280000)
  to   space 1024K, 0% used [0x00000000d6280000,0x00000000d6280000,0x00000000d6380000)
 ParOldGen       total 93696K, used 93279K [0x0000000080000000, 0x0000000085b80000, 0x00000000d5580000)
  object space 93696K, 99% used [0x0000000080000000,0x0000000085b17ee8,0x0000000085b80000)
 Metaspace       used 56869K, committed 58304K, reserved 1114112K
  class space    used 6067K, committed 6720K, reserved 1048576K
}
Event: 28.000 GC heap after
{Heap after GC invocations=82 (full 2):
 PSYoungGen      total 13312K, used 564K [0x00000000d5580000, 0x00000000d6380000, 0x0000000100000000)
  eden space 12288K, 0% used [0x00000000d5580000,0x00000000d5580000,0x00000000d6180000)
  from space 1024K, 55% used [0x00000000d6280000,0x00000000d630d170,0x00000000d6380000)
  to   space 1024K, 0% used [0x00000000d6180000,0x00000000d6180000,0x00000000d6280000)
 ParOldGen       total 93696K, used 93391K [0x0000000080000000, 0x0000000085b80000, 0x00000000d5580000)
  object space 93696K, 99% used [0x0000000080000000,0x0000000085b33ee8,0x0000000085b80000)
 Metaspace       used 56869K, committed 58304K, reserved 1114112K
  class space    used 6067K, committed 6720K, reserved 1048576K
}
Event: 28.151 GC heap before
{Heap before GC invocations=83 (full 2):
 PSYoungGen      total 13312K, used 12773K [0x00000000d5580000, 0x00000000d6380000, 0x0000000100000000)
  eden space 12288K, 99% used [0x00000000d5580000,0x00000000d616c610,0x00000000d6180000)
  from space 1024K, 55% used [0x00000000d6280000,0x00000000d630d170,0x00000000d6380000)
  to   space 1024K, 0% used [0x00000000d6180000,0x00000000d6180000,0x00000000d6280000)
 ParOldGen       total 93696K, used 93391K [0x0000000080000000, 0x0000000085b80000, 0x00000000d5580000)
  object space 93696K, 99% used [0x0000000080000000,0x0000000085b33ee8,0x0000000085b80000)
 Metaspace       used 57428K, committed 58816K, reserved 1114112K
  class space    used 6107K, committed 6720K, reserved 1048576K
}
Event: 28.152 GC heap after
{Heap after GC invocations=83 (full 2):
 PSYoungGen      total 13312K, used 1020K [0x00000000d5580000, 0x00000000d6480000, 0x0000000100000000)
  eden space 12288K, 0% used [0x00000000d5580000,0x00000000d5580000,0x00000000d6180000)
  from space 1024K, 99% used [0x00000000d6180000,0x00000000d627f228,0x00000000d6280000)
  to   space 1536K, 0% used [0x00000000d6300000,0x00000000d6300000,0x00000000d6480000)
 ParOldGen       total 93696K, used 93570K [0x0000000080000000, 0x0000000085b80000, 0x00000000d5580000)
  object space 93696K, 99% used [0x0000000080000000,0x0000000085b60b48,0x0000000085b80000)
 Metaspace       used 57428K, committed 58816K, reserved 1114112K
  class space    used 6107K, committed 6720K, reserved 1048576K
}
Event: 28.236 GC heap before
{Heap before GC invocations=84 (full 2):
 PSYoungGen      total 13312K, used 13280K [0x00000000d5580000, 0x00000000d6480000, 0x0000000100000000)
  eden space 12288K, 99% used [0x00000000d5580000,0x00000000d6179048,0x00000000d6180000)
  from space 1024K, 99% used [0x00000000d6180000,0x00000000d627f228,0x00000000d6280000)
  to   space 1536K, 0% used [0x00000000d6300000,0x00000000d6300000,0x00000000d6480000)
 ParOldGen       total 93696K, used 93570K [0x0000000080000000, 0x0000000085b80000, 0x00000000d5580000)
  object space 93696K, 99% used [0x0000000080000000,0x0000000085b60b48,0x0000000085b80000)
 Metaspace       used 57440K, committed 58816K, reserved 1114112K
  class space    used 6107K, committed 6720K, reserved 1048576K
}
Event: 28.238 GC heap after
{Heap after GC invocations=84 (full 2):
 PSYoungGen      total 13312K, used 643K [0x00000000d5580000, 0x00000000d6400000, 0x0000000100000000)
  eden space 12288K, 0% used [0x00000000d5580000,0x00000000d5580000,0x00000000d6180000)
  from space 1024K, 62% used [0x00000000d6300000,0x00000000d63a0d40,0x00000000d6400000)
  to   space 1024K, 0% used [0x00000000d6180000,0x00000000d6180000,0x00000000d6280000)
 ParOldGen       total 94720K, used 94486K [0x0000000080000000, 0x0000000085c80000, 0x00000000d5580000)
  object space 94720K, 99% used [0x0000000080000000,0x0000000085c45928,0x0000000085c80000)
 Metaspace       used 57440K, committed 58816K, reserved 1114112K
  class space    used 6107K, committed 6720K, reserved 1048576K
}
Event: 28.271 GC heap before
{Heap before GC invocations=85 (full 2):
 PSYoungGen      total 13312K, used 12931K [0x00000000d5580000, 0x00000000d6400000, 0x0000000100000000)
  eden space 12288K, 100% used [0x00000000d5580000,0x00000000d6180000,0x00000000d6180000)
  from space 1024K, 62% used [0x00000000d6300000,0x00000000d63a0d40,0x00000000d6400000)
  to   space 1024K, 0% used [0x00000000d6180000,0x00000000d6180000,0x00000000d6280000)
 ParOldGen       total 94720K, used 94486K [0x0000000080000000, 0x0000000085c80000, 0x00000000d5580000)
  object space 94720K, 99% used [0x0000000080000000,0x0000000085c45928,0x0000000085c80000)
 Metaspace       used 57442K, committed 58816K, reserved 1114112K
  class space    used 6107K, committed 6720K, reserved 1048576K
}
Event: 28.273 GC heap after
{Heap after GC invocations=85 (full 2):
 PSYoungGen      total 13312K, used 998K [0x00000000d5580000, 0x00000000d6480000, 0x0000000100000000)
  eden space 12288K, 0% used [0x00000000d5580000,0x00000000d5580000,0x00000000d6180000)
  from space 1024K, 97% used [0x00000000d6180000,0x00000000d6279b30,0x00000000d6280000)
  to   space 1536K, 0% used [0x00000000d6300000,0x00000000d6300000,0x00000000d6480000)
 ParOldGen       total 95232K, used 94774K [0x0000000080000000, 0x0000000085d00000, 0x00000000d5580000)
  object space 95232K, 99% used [0x0000000080000000,0x0000000085c8d928,0x0000000085d00000)
 Metaspace       used 57442K, committed 58816K, reserved 1114112K
  class space    used 6107K, committed 6720K, reserved 1048576K
}
Event: 28.375 GC heap before
{Heap before GC invocations=86 (full 2):
 PSYoungGen      total 13312K, used 9020K [0x00000000d5580000, 0x00000000d6480000, 0x0000000100000000)
  eden space 12288K, 65% used [0x00000000d5580000,0x00000000d5d558c0,0x00000000d6180000)
  from space 1024K, 97% used [0x00000000d6180000,0x00000000d6279b30,0x00000000d6280000)
  to   space 1536K, 0% used [0x00000000d6300000,0x00000000d6300000,0x00000000d6480000)
 ParOldGen       total 95232K, used 94774K [0x0000000080000000, 0x0000000085d00000, 0x00000000d5580000)
  object space 95232K, 99% used [0x0000000080000000,0x0000000085c8d928,0x0000000085d00000)
 Metaspace       used 58406K, committed 59776K, reserved 1114112K
  class space    used 6199K, committed 6848K, reserved 1048576K
}
Event: 28.377 GC heap after
{Heap after GC invocations=86 (full 2):
 PSYoungGen      total 12800K, used 224K [0x00000000d5580000, 0x00000000d6380000, 0x0000000100000000)
  eden space 12288K, 0% used [0x00000000d5580000,0x00000000d5580000,0x00000000d6180000)
  from space 512K, 43% used [0x00000000d6300000,0x00000000d6338000,0x00000000d6380000)
  to   space 1024K, 0% used [0x00000000d6180000,0x00000000d6180000,0x00000000d6280000)
 ParOldGen       total 95232K, used 94926K [0x0000000080000000, 0x0000000085d00000, 0x00000000d5580000)
  object space 95232K, 99% used [0x0000000080000000,0x0000000085cb3928,0x0000000085d00000)
 Metaspace       used 58406K, committed 59776K, reserved 1114112K
  class space    used 6199K, committed 6848K, reserved 1048576K
}
Event: 28.377 GC heap before
{Heap before GC invocations=87 (full 3):
 PSYoungGen      total 12800K, used 224K [0x00000000d5580000, 0x00000000d6380000, 0x0000000100000000)
  eden space 12288K, 0% used [0x00000000d5580000,0x00000000d5580000,0x00000000d6180000)
  from space 512K, 43% used [0x00000000d6300000,0x00000000d6338000,0x00000000d6380000)
  to   space 1024K, 0% used [0x00000000d6180000,0x00000000d6180000,0x00000000d6280000)
 ParOldGen       total 95232K, used 94926K [0x0000000080000000, 0x0000000085d00000, 0x00000000d5580000)
  object space 95232K, 99% used [0x0000000080000000,0x0000000085cb3928,0x0000000085d00000)
 Metaspace       used 58406K, committed 59776K, reserved 1114112K
  class space    used 6199K, committed 6848K, reserved 1048576K
}
Event: 28.532 GC heap after
{Heap after GC invocations=87 (full 3):
 PSYoungGen      total 12800K, used 0K [0x00000000d5580000, 0x00000000d6380000, 0x0000000100000000)
  eden space 12288K, 0% used [0x00000000d5580000,0x00000000d5580000,0x00000000d6180000)
  from space 512K, 0% used [0x00000000d6300000,0x00000000d6300000,0x00000000d6380000)
  to   space 1024K, 0% used [0x00000000d6180000,0x00000000d6180000,0x00000000d6280000)
 ParOldGen       total 95232K, used 63603K [0x0000000080000000, 0x0000000085d00000, 0x00000000d5580000)
  object space 95232K, 66% used [0x0000000080000000,0x0000000083e1ce60,0x0000000085d00000)
 Metaspace       used 58399K, committed 59776K, reserved 1114112K
  class space    used 6197K, committed 6848K, reserved 1048576K
}
Event: 29.186 GC heap before
{Heap before GC invocations=88 (full 3):
 PSYoungGen      total 12800K, used 12288K [0x00000000d5580000, 0x00000000d6380000, 0x0000000100000000)
  eden space 12288K, 100% used [0x00000000d5580000,0x00000000d6180000,0x00000000d6180000)
  from space 512K, 0% used [0x00000000d6300000,0x00000000d6300000,0x00000000d6380000)
  to   space 1024K, 0% used [0x00000000d6180000,0x00000000d6180000,0x00000000d6280000)
 ParOldGen       total 95232K, used 63603K [0x0000000080000000, 0x0000000085d00000, 0x00000000d5580000)
  object space 95232K, 66% used [0x0000000080000000,0x0000000083e1ce60,0x0000000085d00000)
 Metaspace       used 59705K, committed 61120K, reserved 1114112K
  class space    used 6350K, committed 6976K, reserved 1048576K
}
Event: 29.188 GC heap after
{Heap after GC invocations=88 (full 3):
 PSYoungGen      total 13312K, used 800K [0x00000000d5580000, 0x00000000d6380000, 0x0000000100000000)
  eden space 12288K, 0% used [0x00000000d5580000,0x00000000d5580000,0x00000000d6180000)
  from space 1024K, 78% used [0x00000000d6180000,0x00000000d6248000,0x00000000d6280000)
  to   space 1024K, 0% used [0x00000000d6280000,0x00000000d6280000,0x00000000d6380000)
 ParOldGen       total 95232K, used 63611K [0x0000000080000000, 0x0000000085d00000, 0x00000000d5580000)
  object space 95232K, 66% used [0x0000000080000000,0x0000000083e1ee60,0x0000000085d00000)
 Metaspace       used 59705K, committed 61120K, reserved 1114112K
  class space    used 6350K, committed 6976K, reserved 1048576K
}

Dll operation events (10 events):
Event: 0.028 Loaded shared library c:\Users\caodu\.vscode\extensions\redhat.java-1.50.0-win32-x64\jre\21.0.9-win32-x86_64\bin\java.dll
Event: 0.242 Loaded shared library c:\Users\caodu\.vscode\extensions\redhat.java-1.50.0-win32-x64\jre\21.0.9-win32-x86_64\bin\zip.dll
Event: 0.313 Loaded shared library C:\Users\caodu\.vscode\extensions\redhat.java-1.50.0-win32-x64\jre\21.0.9-win32-x86_64\bin\instrument.dll
Event: 0.326 Loaded shared library C:\Users\caodu\.vscode\extensions\redhat.java-1.50.0-win32-x64\jre\21.0.9-win32-x86_64\bin\net.dll
Event: 0.331 Loaded shared library C:\Users\caodu\.vscode\extensions\redhat.java-1.50.0-win32-x64\jre\21.0.9-win32-x86_64\bin\nio.dll
Event: 0.339 Loaded shared library C:\Users\caodu\.vscode\extensions\redhat.java-1.50.0-win32-x64\jre\21.0.9-win32-x86_64\bin\zip.dll
Event: 0.383 Loaded shared library C:\Users\caodu\.vscode\extensions\redhat.java-1.50.0-win32-x64\jre\21.0.9-win32-x86_64\bin\jimage.dll
Event: 0.612 Loaded shared library c:\Users\caodu\.vscode\extensions\redhat.java-1.50.0-win32-x64\jre\21.0.9-win32-x86_64\bin\verify.dll
Event: 3.329 Loaded shared library C:\Users\caodu\AppData\Roaming\Code\User\globalStorage\redhat.java\1.50.0\config_win\org.eclipse.equinox.launcher\org.eclipse.equinox.launcher.win32.win32.x86_64_1.2.1400.v20250801-0854\eclipse_11916.dll
Event: 7.995 Loaded shared library C:\Users\caodu\AppData\Local\Temp\jna-94428194\jna13982367385682089950.dll

Deoptimization events (20 events):
Event: 32.813 Thread 0x00000202d66d4980 DEOPT PACKING pc=0x00000202807da5d0 sp=0x000000f2214fea20
Event: 32.813 Thread 0x00000202d66d4980 DEOPT UNPACKING pc=0x0000020287584242 sp=0x000000f2214fdf78 mode 0
Event: 32.814 Thread 0x00000202d66d4980 DEOPT PACKING pc=0x00000202807da5d0 sp=0x000000f2214fe980
Event: 32.814 Thread 0x00000202d66d4980 DEOPT UNPACKING pc=0x0000020287584242 sp=0x000000f2214fded8 mode 0
Event: 32.814 Thread 0x00000202d66d4980 DEOPT PACKING pc=0x00000202807da5d0 sp=0x000000f2214fe980
Event: 32.814 Thread 0x00000202d66d4980 DEOPT UNPACKING pc=0x0000020287584242 sp=0x000000f2214fded8 mode 0
Event: 32.815 Thread 0x00000202d66d4980 DEOPT PACKING pc=0x00000202807da5d0 sp=0x000000f2214fe980
Event: 32.815 Thread 0x00000202d66d4980 DEOPT UNPACKING pc=0x0000020287584242 sp=0x000000f2214fded8 mode 0
Event: 32.816 Thread 0x00000202d66d4980 DEOPT PACKING pc=0x00000202807da5d0 sp=0x000000f2214fe980
Event: 32.816 Thread 0x00000202d66d4980 DEOPT UNPACKING pc=0x0000020287584242 sp=0x000000f2214fded8 mode 0
Event: 32.816 Thread 0x00000202d66d4980 DEOPT PACKING pc=0x00000202807da5d0 sp=0x000000f2214fe980
Event: 32.816 Thread 0x00000202d66d4980 DEOPT UNPACKING pc=0x0000020287584242 sp=0x000000f2214fded8 mode 0
Event: 32.817 Thread 0x00000202d66d4980 DEOPT PACKING pc=0x00000202807da5d0 sp=0x000000f2214fe980
Event: 32.817 Thread 0x00000202d66d4980 DEOPT UNPACKING pc=0x0000020287584242 sp=0x000000f2214fded8 mode 0
Event: 32.819 Thread 0x00000202d66d4980 DEOPT PACKING pc=0x00000202807da5d0 sp=0x000000f2214fe980
Event: 32.819 Thread 0x00000202d66d4980 DEOPT UNPACKING pc=0x0000020287584242 sp=0x000000f2214fded8 mode 0
Event: 32.820 Thread 0x00000202d66d4980 DEOPT PACKING pc=0x00000202807da5d0 sp=0x000000f2214fe980
Event: 32.820 Thread 0x00000202d66d4980 DEOPT UNPACKING pc=0x0000020287584242 sp=0x000000f2214fded8 mode 0
Event: 32.821 Thread 0x00000202d66d4980 DEOPT PACKING pc=0x00000202807da5d0 sp=0x000000f2214fe980
Event: 32.821 Thread 0x00000202d66d4980 DEOPT UNPACKING pc=0x0000020287584242 sp=0x000000f2214fded8 mode 0

Classes loaded (20 events):
Event: 32.881 Loading class sun/util/cldr/CLDRTimeZoneNameProviderImpl
Event: 32.881 Loading class sun/util/locale/provider/TimeZoneNameProviderImpl
Event: 32.882 Loading class sun/util/locale/provider/TimeZoneNameProviderImpl done
Event: 32.882 Loading class sun/util/cldr/CLDRTimeZoneNameProviderImpl done
Event: 32.886 Loading class sun/util/resources/cldr/TimeZoneNames
Event: 32.886 Loading class sun/util/resources/TimeZoneNamesBundle
Event: 32.886 Loading class sun/util/resources/OpenListResourceBundle
Event: 32.886 Loading class sun/util/resources/OpenListResourceBundle done
Event: 32.886 Loading class sun/util/resources/TimeZoneNamesBundle done
Event: 32.886 Loading class sun/util/resources/cldr/TimeZoneNames done
Event: 32.887 Loading class sun/util/resources/cldr/TimeZoneNames_en
Event: 32.889 Loading class sun/util/resources/cldr/TimeZoneNames_en done
Event: 32.889 Loading class sun/util/resources/cldr/TimeZoneNames_en_US
Event: 32.889 Loading class sun/util/resources/cldr/TimeZoneNames_en_US done
Event: 32.892 Loading class sun/util/cldr/CLDRBaseLocaleDataMetaInfo$TZCanonicalIDMapHolder
Event: 32.893 Loading class sun/util/cldr/CLDRBaseLocaleDataMetaInfo$TZCanonicalIDMapHolder done
Event: 32.896 Loading class sun/util/resources/TimeZoneNames
Event: 32.897 Loading class sun/util/resources/TimeZoneNames done
Event: 32.898 Loading class sun/util/resources/TimeZoneNames_en
Event: 32.898 Loading class sun/util/resources/TimeZoneNames_en done

Classes unloaded (11 events):
Event: 9.952 Thread 0x00000202ff994960 Unloading class 0x00000202901ab400 'java/lang/invoke/LambdaForm$MH+0x00000202901ab400'
Event: 9.952 Thread 0x00000202ff994960 Unloading class 0x00000202901ab000 'java/lang/invoke/LambdaForm$MH+0x00000202901ab000'
Event: 9.952 Thread 0x00000202ff994960 Unloading class 0x00000202901aac00 'java/lang/invoke/LambdaForm$MH+0x00000202901aac00'
Event: 9.952 Thread 0x00000202ff994960 Unloading class 0x00000202901aa800 'java/lang/invoke/LambdaForm$MH+0x00000202901aa800'
Event: 9.952 Thread 0x00000202ff994960 Unloading class 0x00000202901aa400 'java/lang/invoke/LambdaForm$BMH+0x00000202901aa400'
Event: 9.952 Thread 0x00000202ff994960 Unloading class 0x00000202901aa000 'java/lang/invoke/LambdaForm$DMH+0x00000202901aa000'
Event: 9.952 Thread 0x00000202ff994960 Unloading class 0x00000202901a8c00 'java/lang/invoke/LambdaForm$DMH+0x00000202901a8c00'
Event: 28.399 Thread 0x00000202ff994960 Unloading class 0x0000020290631c00 'java/lang/invoke/LambdaForm$DMH+0x0000020290631c00'
Event: 28.399 Thread 0x00000202ff994960 Unloading class 0x0000020290631800 'java/lang/invoke/LambdaForm$DMH+0x0000020290631800'
Event: 28.399 Thread 0x00000202ff994960 Unloading class 0x0000020290631400 'java/lang/invoke/LambdaForm$DMH+0x0000020290631400'
Event: 28.399 Thread 0x00000202ff994960 Unloading class 0x0000020290631000 'java/lang/invoke/LambdaForm$DMH+0x0000020290631000'

Classes redefined (0 events):
No events

Internal exceptions (20 events):
Event: 25.155 Thread 0x00000202da89a310 Exception <a 'sun/nio/fs/WindowsException'{0x00000000d5d23860}> (0x00000000d5d23860) 
thrown [s\src\hotspot\share\prims\jni.cpp, line 520]
Event: 25.156 Thread 0x00000202da89a310 Exception <a 'sun/nio/fs/WindowsException'{0x00000000d5d245c0}> (0x00000000d5d245c0) 
thrown [s\src\hotspot\share\prims\jni.cpp, line 520]
Event: 25.156 Thread 0x00000202da89a310 Exception <a 'sun/nio/fs/WindowsException'{0x00000000d5d87730}> (0x00000000d5d87730) 
thrown [s\src\hotspot\share\prims\jni.cpp, line 520]
Event: 25.171 Thread 0x00000202da89a310 Exception <a 'sun/nio/fs/WindowsException'{0x00000000d5d89130}> (0x00000000d5d89130) 
thrown [s\src\hotspot\share\prims\jni.cpp, line 520]
Event: 25.171 Thread 0x00000202da89a310 Exception <a 'sun/nio/fs/WindowsException'{0x00000000d5d89a10}> (0x00000000d5d89a10) 
thrown [s\src\hotspot\share\prims\jni.cpp, line 520]
Event: 25.638 Thread 0x00000202d0eab390 Exception <a 'sun/nio/fs/WindowsException'{0x00000000d5aa7430}> (0x00000000d5aa7430) 
thrown [s\src\hotspot\share\prims\jni.cpp, line 520]
Event: 25.638 Thread 0x00000202d0eab390 Exception <a 'sun/nio/fs/WindowsException'{0x00000000d5aa7a60}> (0x00000000d5aa7a60) 
thrown [s\src\hotspot\share\prims\jni.cpp, line 520]
Event: 25.640 Thread 0x00000202d0eab390 Exception <a 'sun/nio/fs/WindowsException'{0x00000000d5ab0e10}> (0x00000000d5ab0e10) 
thrown [s\src\hotspot\share\prims\jni.cpp, line 520]
Event: 25.640 Thread 0x00000202d0eab390 Exception <a 'sun/nio/fs/WindowsException'{0x00000000d5ab1440}> (0x00000000d5ab1440) 
thrown [s\src\hotspot\share\prims\jni.cpp, line 520]
Event: 25.642 Thread 0x00000202d0eab390 Exception <a 'sun/nio/fs/WindowsException'{0x00000000d5b84008}> (0x00000000d5b84008) 
thrown [s\src\hotspot\share\prims\jni.cpp, line 520]
Event: 25.642 Thread 0x00000202d0eab390 Exception <a 'sun/nio/fs/WindowsException'{0x00000000d5b84638}> (0x00000000d5b84638) 
thrown [s\src\hotspot\share\prims\jni.cpp, line 520]
Event: 26.462 Thread 0x00000202d8ce6500 Implicit null exception at 0x00000202880e57a1 to 0x00000202880e57d0
Event: 26.582 Thread 0x00000202d8ce6500 Implicit null exception at 0x000002028812e114 to 0x000002028812f81c
Event: 26.692 Thread 0x00000202d8ce3da0 Implicit null exception at 0x000002028812e114 to 0x000002028812f81c
Event: 27.230 Thread 0x00000202da89a310 Exception <a 'sun/nio/fs/WindowsException'{0x00000000d5954c18}> (0x00000000d5954c18) 
thrown [s\src\hotspot\share\prims\jni.cpp, line 520]
Event: 27.230 Thread 0x00000202da89a310 Exception <a 'sun/nio/fs/WindowsException'{0x00000000d59554f8}> (0x00000000d59554f8) 
thrown [s\src\hotspot\share\prims\jni.cpp, line 520]
Event: 28.623 Thread 0x00000202d0eab390 Exception <a 'java/lang/NoSuchMethodError'{0x00000000d56bdee0}: 'java.lang.Object java.lang.invoke.DirectMethodHandle$Holder.invokeStatic(java.lang.Object, int, java.lang.Object)'> (0x00000000d56bdee0) 
thrown [s\src\hotspot\share\interpreter\linkResolver.cpp, line 773]
Event: 28.800 Thread 0x00000202d0eab390 Exception <a 'java/lang/NoSuchMethodError'{0x00000000d5a769c0}: 'java.lang.Object java.lang.invoke.DirectMethodHandle$Holder.invokeStatic(java.lang.Object, java.lang.Object, int, java.lang.Object)'> (0x00000000d5a769c0) 
thrown [s\src\hotspot\share\interpreter\linkResolver.cpp, line 773]
Event: 28.802 Thread 0x00000202d0eab390 Exception <a 'java/lang/NoSuchMethodError'{0x00000000d5a7d020}: 'java.lang.Object java.lang.invoke.DirectMethodHandle$Holder.newInvokeSpecial(java.lang.Object, java.lang.Object, int)'> (0x00000000d5a7d020) 
thrown [s\src\hotspot\share\interpreter\linkResolver.cpp, line 773]
Event: 29.227 Thread 0x00000202d0eab390 Implicit null exception at 0x0000020288159b27 to 0x0000020288159ebc

ZGC Phase Switch (0 events):
No events

VM Operations (20 events):
Event: 5413.307 Executing VM operation: HandshakeAllThreads (HandshakeForDeflation)
Event: 5413.313 Executing VM operation: HandshakeAllThreads (HandshakeForDeflation) done
Event: 5413.313 Executing VM operation: RendezvousGCThreads
Event: 5413.314 Executing VM operation: RendezvousGCThreads done
Event: 5473.483 Executing VM operation: HandshakeAllThreads (HandshakeForDeflation)
Event: 5473.490 Executing VM operation: HandshakeAllThreads (HandshakeForDeflation) done
Event: 5473.491 Executing VM operation: RendezvousGCThreads
Event: 5473.492 Executing VM operation: RendezvousGCThreads done
Event: 5533.702 Executing VM operation: HandshakeAllThreads (HandshakeForDeflation)
Event: 5533.712 Executing VM operation: HandshakeAllThreads (HandshakeForDeflation) done
Event: 5533.713 Executing VM operation: RendezvousGCThreads
Event: 5533.714 Executing VM operation: RendezvousGCThreads done
Event: 5593.891 Executing VM operation: HandshakeAllThreads (HandshakeForDeflation)
Event: 5593.897 Executing VM operation: HandshakeAllThreads (HandshakeForDeflation) done
Event: 5593.897 Executing VM operation: RendezvousGCThreads
Event: 5593.897 Executing VM operation: RendezvousGCThreads done
Event: 5654.091 Executing VM operation: HandshakeAllThreads (HandshakeForDeflation)
Event: 5654.095 Executing VM operation: HandshakeAllThreads (HandshakeForDeflation) done
Event: 5654.095 Executing VM operation: RendezvousGCThreads
Event: 5654.096 Executing VM operation: RendezvousGCThreads done

Memory protections (0 events):
No events

Nmethod flushes (20 events):
Event: 28.439 Thread 0x00000202ff994960 flushing  nmethod 0x00000202808e6b10
Event: 28.439 Thread 0x00000202ff994960 flushing  nmethod 0x00000202808e7090
Event: 28.439 Thread 0x00000202ff994960 flushing  nmethod 0x00000202808eb190
Event: 28.439 Thread 0x00000202ff994960 flushing  nmethod 0x000002028090da10
Event: 28.439 Thread 0x00000202ff994960 flushing  nmethod 0x000002028090e010
Event: 28.439 Thread 0x00000202ff994960 flushing  nmethod 0x0000020280911890
Event: 28.439 Thread 0x00000202ff994960 flushing  nmethod 0x0000020280912390
Event: 28.439 Thread 0x00000202ff994960 flushing  nmethod 0x0000020280912710
Event: 28.439 Thread 0x00000202ff994960 flushing  nmethod 0x0000020280914710
Event: 28.439 Thread 0x00000202ff994960 flushing  nmethod 0x0000020280923f90
Event: 28.439 Thread 0x00000202ff994960 flushing  nmethod 0x0000020280928e90
Event: 28.439 Thread 0x00000202ff994960 flushing  nmethod 0x0000020280949f10
Event: 28.439 Thread 0x00000202ff994960 flushing  nmethod 0x0000020280975210
Event: 28.439 Thread 0x00000202ff994960 flushing  nmethod 0x000002028097ce10
Event: 28.439 Thread 0x00000202ff994960 flushing  nmethod 0x000002028097d290
Event: 28.439 Thread 0x00000202ff994960 flushing  nmethod 0x0000020280988890
Event: 28.439 Thread 0x00000202ff994960 flushing  nmethod 0x0000020280997b10
Event: 28.439 Thread 0x00000202ff994960 flushing osr nmethod 0x00000202809aa510
Event: 28.439 Thread 0x00000202ff994960 flushing osr nmethod 0x00000202809b0590
Event: 28.439 Thread 0x00000202ff994960 flushing  nmethod 0x00000202809b5710

Events (20 events):
Event: 32.784 Thread 0x00000202d8ccdb90 Thread exited: 0x00000202d8ccdb90
Event: 32.785 Thread 0x00000202d8cccdf0 Thread exited: 0x00000202d8cccdf0
Event: 32.808 Thread 0x00000202f7fbced0 Thread added: 0x00000202d618eec0
Event: 32.836 Thread 0x00000202f7fbced0 Thread added: 0x00000202d618f590
Event: 37.949 Thread 0x00000202d618f590 Thread exited: 0x00000202d618f590
Event: 42.939 Thread 0x00000202d618eec0 Thread exited: 0x00000202d618eec0
Event: 85.142 Thread 0x00000202d70afd60 Thread exited: 0x00000202d70afd60
Event: 85.142 Thread 0x00000202d0eaa670 Thread exited: 0x00000202d0eaa670
Event: 88.099 Thread 0x00000202da89a310 Thread exited: 0x00000202da89a310
Event: 88.210 Thread 0x00000202d0ea8c30 Thread exited: 0x00000202d0ea8c30
Event: 148.103 Thread 0x00000202da8988d0 Thread exited: 0x00000202da8988d0
Event: 208.118 Thread 0x00000202da8995f0 Thread exited: 0x00000202da8995f0
Event: 268.125 Thread 0x00000202da898240 Thread exited: 0x00000202da898240
Event: 328.128 Thread 0x00000202da899c80 Thread exited: 0x00000202da899c80
Event: 388.139 Thread 0x00000202d8ce5e70 Thread exited: 0x00000202d8ce5e70
Event: 448.163 Thread 0x00000202d8ce4ac0 Thread exited: 0x00000202d8ce4ac0
Event: 508.180 Thread 0x00000202d8ce6b90 Thread exited: 0x00000202d8ce6b90
Event: 568.188 Thread 0x00000202d8ce4430 Thread exited: 0x00000202d8ce4430
Event: 628.200 Thread 0x00000202d8ce3710 Thread exited: 0x00000202d8ce3710
Event: 688.218 Thread 0x00000202da898f60 Thread exited: 0x00000202da898f60


Dynamic libraries:
0x00007ff655780000 - 0x00007ff65578e000 	c:\Users\caodu\.vscode\extensions\redhat.java-1.50.0-win32-x64\jre\21.0.9-win32-x86_64\bin\java.exe
0x00007ff865520000 - 0x00007ff865787000 	C:\WINDOWS\SYSTEM32\ntdll.dll
0x00007ff864c20000 - 0x00007ff864ce9000 	C:\WINDOWS\System32\KERNEL32.DLL
0x00007ff862670000 - 0x00007ff862a5f000 	C:\WINDOWS\System32\KERNELBASE.dll
0x00007ff862fc0000 - 0x00007ff86310b000 	C:\WINDOWS\System32\ucrtbase.dll
0x00007ff845f30000 - 0x00007ff845f48000 	c:\Users\caodu\.vscode\extensions\redhat.java-1.50.0-win32-x64\jre\21.0.9-win32-x86_64\bin\jli.dll
0x00007ff863da0000 - 0x00007ff863f65000 	C:\WINDOWS\System32\USER32.dll
0x00007ff863290000 - 0x00007ff8632b7000 	C:\WINDOWS\System32\win32u.dll
0x00007ff864670000 - 0x00007ff86469b000 	C:\WINDOWS\System32\GDI32.dll
0x00007ff8455c0000 - 0x00007ff8455de000 	c:\Users\caodu\.vscode\extensions\redhat.java-1.50.0-win32-x64\jre\21.0.9-win32-x86_64\bin\VCRUNTIME140.dll
0x00007ff862e90000 - 0x00007ff862fbc000 	C:\WINDOWS\System32\gdi32full.dll
0x00007ff862d50000 - 0x00007ff862df3000 	C:\WINDOWS\System32\msvcp_win.dll
0x00007ff84a260000 - 0x00007ff84a4f3000 	C:\WINDOWS\WinSxS\amd64_microsoft.windows.common-controls_6595b64144ccf1df_6.0.26100.7309_none_3e05feeae336a044\COMCTL32.dll
0x00007ff864910000 - 0x00007ff8649b9000 	C:\WINDOWS\System32\msvcrt.dll
0x00007ff863f70000 - 0x00007ff863fa1000 	C:\WINDOWS\System32\IMM32.DLL
0x00007ff84b4c0000 - 0x00007ff84b4cc000 	c:\Users\caodu\.vscode\extensions\redhat.java-1.50.0-win32-x64\jre\21.0.9-win32-x86_64\bin\vcruntime140_1.dll
0x00007ff819510000 - 0x00007ff81959d000 	c:\Users\caodu\.vscode\extensions\redhat.java-1.50.0-win32-x64\jre\21.0.9-win32-x86_64\bin\msvcp140.dll
0x00007fff7a260000 - 0x00007fff7b000000 	c:\Users\caodu\.vscode\extensions\redhat.java-1.50.0-win32-x64\jre\21.0.9-win32-x86_64\bin\server\jvm.dll
0x00007ff8646a0000 - 0x00007ff864754000 	C:\WINDOWS\System32\ADVAPI32.dll
0x00007ff863750000 - 0x00007ff8637f6000 	C:\WINDOWS\System32\sechost.dll
0x00007ff8638f0000 - 0x00007ff863a08000 	C:\WINDOWS\System32\RPCRT4.dll
0x00007ff864760000 - 0x00007ff8647d4000 	C:\WINDOWS\System32\WS2_32.dll
0x00007ff8624d0000 - 0x00007ff86252e000 	C:\WINDOWS\SYSTEM32\POWRPROF.dll
0x00007ff856910000 - 0x00007ff856945000 	C:\WINDOWS\SYSTEM32\WINMM.dll
0x00007ff859f90000 - 0x00007ff859f9b000 	C:\WINDOWS\SYSTEM32\VERSION.dll
0x00007ff8624b0000 - 0x00007ff8624c4000 	C:\WINDOWS\SYSTEM32\UMPDC.dll
0x00007ff861420000 - 0x00007ff86143b000 	C:\WINDOWS\SYSTEM32\kernel.appcore.dll
0x00007ff845c40000 - 0x00007ff845c4a000 	c:\Users\caodu\.vscode\extensions\redhat.java-1.50.0-win32-x64\jre\21.0.9-win32-x86_64\bin\jimage.dll
0x00007ff85ff50000 - 0x00007ff860192000 	C:\WINDOWS\SYSTEM32\DBGHELP.DLL
0x00007ff8632f0000 - 0x00007ff863675000 	C:\WINDOWS\System32\combase.dll
0x00007ff863cc0000 - 0x00007ff863d96000 	C:\WINDOWS\System32\OLEAUT32.dll
0x00007ff844940000 - 0x00007ff84497c000 	C:\WINDOWS\SYSTEM32\dbgcore.DLL
0x00007ff862ca0000 - 0x00007ff862d45000 	C:\WINDOWS\System32\bcryptPrimitives.dll
0x00007ff8453a0000 - 0x00007ff8453af000 	c:\Users\caodu\.vscode\extensions\redhat.java-1.50.0-win32-x64\jre\21.0.9-win32-x86_64\bin\instrument.dll
0x00007ff845290000 - 0x00007ff8452b0000 	c:\Users\caodu\.vscode\extensions\redhat.java-1.50.0-win32-x64\jre\21.0.9-win32-x86_64\bin\java.dll
0x00007ff864d10000 - 0x00007ff865463000 	C:\WINDOWS\System32\SHELL32.dll
0x00007ff862b30000 - 0x00007ff862c9a000 	C:\WINDOWS\System32\wintypes.dll
0x00007ff860240000 - 0x00007ff860a9e000 	C:\WINDOWS\SYSTEM32\windows.storage.dll
0x00007ff8647f0000 - 0x00007ff8648e5000 	C:\WINDOWS\System32\SHCORE.dll
0x00007ff865470000 - 0x00007ff8654d6000 	C:\WINDOWS\System32\shlwapi.dll
0x00007ff862590000 - 0x00007ff8625b9000 	C:\WINDOWS\SYSTEM32\profapi.dll
0x00007ff8451b0000 - 0x00007ff8451c8000 	c:\Users\caodu\.vscode\extensions\redhat.java-1.50.0-win32-x64\jre\21.0.9-win32-x86_64\bin\zip.dll
0x00007ff845150000 - 0x00007ff845160000 	C:\Users\caodu\.vscode\extensions\redhat.java-1.50.0-win32-x64\jre\21.0.9-win32-x86_64\bin\net.dll
0x00007ff85bc00000 - 0x00007ff85bd28000 	C:\WINDOWS\SYSTEM32\WINHTTP.dll
0x00007ff861990000 - 0x00007ff8619fb000 	C:\WINDOWS\system32\mswsock.dll
0x00007ff834e30000 - 0x00007ff834e46000 	C:\Users\caodu\.vscode\extensions\redhat.java-1.50.0-win32-x64\jre\21.0.9-win32-x86_64\bin\nio.dll
0x00007ff83abb0000 - 0x00007ff83abc0000 	c:\Users\caodu\.vscode\extensions\redhat.java-1.50.0-win32-x64\jre\21.0.9-win32-x86_64\bin\verify.dll
0x00007ff81c030000 - 0x00007ff81c074000 	C:\Users\caodu\AppData\Roaming\Code\User\globalStorage\redhat.java\1.50.0\config_win\org.eclipse.equinox.launcher\org.eclipse.equinox.launcher.win32.win32.x86_64_1.2.1400.v20250801-0854\eclipse_11916.dll
0x00007ff863a10000 - 0x00007ff863ba7000 	C:\WINDOWS\System32\ole32.dll
0x00007ff861c60000 - 0x00007ff861c7b000 	C:\WINDOWS\SYSTEM32\CRYPTSP.dll
0x00007ff861380000 - 0x00007ff8613ba000 	C:\WINDOWS\system32\rsaenh.dll
0x00007ff861a40000 - 0x00007ff861a6b000 	C:\WINDOWS\SYSTEM32\USERENV.dll
0x00007ff862560000 - 0x00007ff86258a000 	C:\WINDOWS\SYSTEM32\bcrypt.dll
0x00007ff861c50000 - 0x00007ff861c5c000 	C:\WINDOWS\SYSTEM32\CRYPTBASE.dll
0x00007ff860de0000 - 0x00007ff860e14000 	C:\WINDOWS\SYSTEM32\IPHLPAPI.DLL
0x00007ff8647e0000 - 0x00007ff8647ea000 	C:\WINDOWS\System32\NSI.dll
0x00007ff800230000 - 0x00007ff800279000 	C:\Users\caodu\AppData\Local\Temp\jna-94428194\jna13982367385682089950.dll
0x00007ff8648f0000 - 0x00007ff8648f8000 	C:\WINDOWS\System32\PSAPI.DLL
0x00007ff85bff0000 - 0x00007ff85c00e000 	C:\WINDOWS\SYSTEM32\dhcpcsvc6.DLL
0x00007ff85bd30000 - 0x00007ff85bd53000 	C:\WINDOWS\SYSTEM32\dhcpcsvc.DLL

JVMTI agents:
c:\Users\caodu\.vscode\extensions\redhat.java-1.50.0-win32-x64\lombok\lombok-1.18.39-4050.jar path:c:\Users\caodu\.vscode\extensions\redhat.java-1.50.0-win32-x64\jre\21.0.9-win32-x86_64\bin\instrument.dll, loaded, initialized, instrumentlib options:none

dbghelp: loaded successfully - version: 4.0.5 - missing functions: none
symbol engine: initialized successfully - sym options: 0x614 - pdb path: .;c:\Users\caodu\.vscode\extensions\redhat.java-1.50.0-win32-x64\jre\21.0.9-win32-x86_64\bin;C:\WINDOWS\SYSTEM32;C:\WINDOWS\WinSxS\amd64_microsoft.windows.common-controls_6595b64144ccf1df_6.0.26100.7309_none_3e05feeae336a044;c:\Users\caodu\.vscode\extensions\redhat.java-1.50.0-win32-x64\jre\21.0.9-win32-x86_64\bin\server;C:\Users\caodu\AppData\Roaming\Code\User\globalStorage\redhat.java\1.50.0\config_win\org.eclipse.equinox.launcher\org.eclipse.equinox.launcher.win32.win32.x86_64_1.2.1400.v20250801-0854;C:\Users\caodu\AppData\Local\Temp\jna-94428194

VM Arguments:
jvm_args: --add-modules=ALL-SYSTEM --add-opens=java.base/java.util=ALL-UNNAMED --add-opens=java.base/java.lang=ALL-UNNAMED --add-opens=java.base/sun.nio.fs=ALL-UNNAMED -Declipse.application=org.eclipse.jdt.ls.core.id1 -Dosgi.bundles.defaultStartLevel=4 -Declipse.product=org.eclipse.jdt.ls.core.product -Djava.import.generatesMetadataFilesAtProjectRoot=false -DDetectVMInstallationsJob.disabled=true -Dfile.encoding=utf8 -XX:+UseParallelGC -XX:GCTimeRatio=4 -XX:AdaptiveSizePolicyWeight=90 -Dsun.zip.disableMemoryMapping=true -Xmx2G -Xms100m -Xlog:disable -javaagent:c:\Users\caodu\.vscode\extensions\redhat.java-1.50.0-win32-x64\lombok\lombok-1.18.39-4050.jar -XX:+HeapDumpOnOutOfMemoryError -XX:HeapDumpPath=c:\Users\caodu\AppData\Roaming\Code\User\workspaceStorage\91f23345f430e8ab805d9e9d7250fe58\redhat.java -Daether.dependencyCollector.impl=bf 
java_command: c:\Users\caodu\.vscode\extensions\redhat.java-1.50.0-win32-x64\server\plugins\org.eclipse.equinox.launcher_1.7.100.v20251111-0406.jar -configuration c:\Users\caodu\AppData\Roaming\Code\User\globalStorage\redhat.java\1.50.0\config_win -data c:\Users\caodu\AppData\Roaming\Code\User\workspaceStorage\91f23345f430e8ab805d9e9d7250fe58\redhat.java\jdt_ws --pipe=\\.\pipe\lsp-1e7f9b6b114d9d2752acb2a75a958666-sock
java_class_path (initial): c:\Users\caodu\.vscode\extensions\redhat.java-1.50.0-win32-x64\server\plugins\org.eclipse.equinox.launcher_1.7.100.v20251111-0406.jar
Launcher Type: SUN_STANDARD

[Global flags]
    uintx AdaptiveSizePolicyWeight                 = 90                                        {product} {command line}
     intx CICompilerCount                          = 4                                         {product} {ergonomic}
    uintx GCTimeRatio                              = 4                                         {product} {command line}
     bool HeapDumpOnOutOfMemoryError               = true                                   {manageable} {command line}
    ccstr HeapDumpPath                             = c:\Users\caodu\AppData\Roaming\Code\User\workspaceStorage\91f23345f430e8ab805d9e9d7250fe58\redhat.java         {manageable} {command line}
   size_t InitialHeapSize                          = 104857600                                 {product} {command line}
   size_t MaxHeapSize                              = 2147483648                                {product} {command line}
   size_t MaxNewSize                               = 715653120                                 {product} {ergonomic}
   size_t MinHeapDeltaBytes                        = 524288                                    {product} {ergonomic}
   size_t MinHeapSize                              = 104857600                                 {product} {command line}
   size_t NewSize                                  = 34603008                                  {product} {ergonomic}
    uintx NonNMethodCodeHeapSize                   = 5839372                                {pd product} {ergonomic}
    uintx NonProfiledCodeHeapSize                  = 122909434                              {pd product} {ergonomic}
   size_t OldSize                                  = 70254592                                  {product} {ergonomic}
    uintx ProfiledCodeHeapSize                     = 122909434                              {pd product} {ergonomic}
    uintx ReservedCodeCacheSize                    = 251658240                              {pd product} {ergonomic}
     bool SegmentedCodeCache                       = true                                      {product} {ergonomic}
   size_t SoftMaxHeapSize                          = 2147483648                             {manageable} {ergonomic}
     bool UseCompressedOops                        = true                           {product lp64_product} {ergonomic}
     bool UseLargePagesIndividualAllocation        = false                                  {pd product} {ergonomic}
     bool UseParallelGC                            = true                                      {product} {command line}

Logging:
Log output configuration:
 #0: stdout all=off uptime,level,tags foldmultilines=false
 #1: stderr all=off uptime,level,tags foldmultilines=false

Release file:
JAVA_VERSION="21.0.9" 
MODULES="java.base java.compiler java.datatransfer java.xml java.prefs java.desktop java.instrument java.logging java.management java.security.sasl java.naming java.rmi java.management.rmi java.net.http java.scripting java.security.jgss java.transaction.xa java.sql java.sql.rowset java.xml.crypto java.se java.smartcardio jdk.accessibility jdk.internal.jvmstat jdk.attach jdk.charsets jdk.internal.opt jdk.zipfs jdk.compiler jdk.crypto.ec jdk.crypto.cryptoki jdk.crypto.mscapi jdk.dynalink jdk.internal.ed jdk.editpad jdk.hotspot.agent jdk.httpserver jdk.internal.le jdk.internal.vm.ci jdk.internal.vm.compiler jdk.internal.vm.compiler.management jdk.jartool jdk.javadoc jdk.jcmd jdk.management jdk.management.agent jdk.jconsole jdk.jdeps jdk.jdwp.agent jdk.jdi jdk.jfr jdk.jshell jdk.jsobject jdk.jstatd jdk.localedata jdk.management.jfr jdk.naming.dns jdk.naming.rmi jdk.net jdk.nio.mapmode jdk.random jdk.sctp jdk.security.auth jdk.security.jgss jdk.unsupported jdk.unsupported.desktop jdk.xml.dom" 

Environment Variables:
JAVA_HOME=C:\Program Files\Java\jdk-21
PATH=C:\Oracle\bin;C:\Program Files\Common Files\Oracle\Java\javapath;C:\u01\app\oracle\product\19c\db_home\bin;C:\Program Files (x86)\Common Files\Oracle\Java\javapath;C:\u01\app\oracle\product\21c\db_home\bin;D:\u01\app\oracle\product\21c\db_home\bin;C:\Windows\system32;C:\Windows;C:\Windows\System32\Wbem;C:\Windows\System32\WindowsPowerShell\v1.0\;C:\Windows\System32\OpenSSH\;C:\Program Files (x86)\NVIDIA Corporation\PhysX\Common;C:\Program Files\NVIDIA Corporation\NVIDIA NvDLISR;C:\WINDOWS\system32;C:\WINDOWS;C:\WINDOWS\System32\Wbem;C:\WINDOWS\System32\WindowsPowerShell\v1.0\;C:\WINDOWS\System32\OpenSSH\;C:\MinGW\bin;C:\Program Files (x86)\Microsoft SQL Server\160\Tools\Binn\;C:\Program Files\Microsoft SQL Server\160\Tools\Binn\;C:\Program Files\Microsoft SQL Server\Client SDK\ODBC\170\Tools\Binn\;C:\Program Files\Microsoft SQL Server\160\DTS\Binn\;C:\Program Files (x86)\Microsoft SQL Server\160\DTS\Binn\;C:\Program Files\dotnet\;C:\Program Files\Microsoft SQL Server\150\Tools\Binn\;C:\Program Files\Git\cmd;C:\Program Files\Cloudflare\Cloudflare WARP\;C:\Program Files\Microsoft SQL Server\130\DTS\Binn\;C:\Program Files\Microsoft SQL Server\140\DTS\Binn\;C:\Program Files\Microsoft SQL Server\150\DTS\Binn\;C:\ProgramData\chocolatey\bin;C:\Program Files\OpenSSL-Win64\bin;C:\Program Files\Geth\;C:\Users\caodu\AppData\Local\nvm;C:\nvm4w\nodejs;C:\Program Files\Docker\Docker\resources\bin;C:\Users\caodu\AppData\Local\Programs\Python\Python312\Scripts\;C:\Users\caodu\AppData\Local\Programs\Python\Python312\;C:\Users\caodu\AppData\Local\Programs\Python\Launcher\;C:\Oracle\bin;C:\Program Files\Common Files\Oracle\Java\javapath;C:\u01\app\oracle\product\19c\db_home\bin;C:\Program Files (x86)\Common Files\Oracle\Java\javapath;C:\u01\app\oracle\product\21c\db_home\bin;D:\u01\app\oracle\product\21c\db_home\bin;C:\Windows\system32;C:\Windows;C:\Windows\System32\Wbem;C:\Windows\System32\WindowsPowerShell\v1.0\;C:\Windows\System32\OpenSSH\;C:\Program Files (x86)\NVIDIA Corporation\PhysX\Common;C:\Program Files\NVIDIA Corporation\NVIDIA NvDLISR;C:\WINDOWS\system32;C:\WINDOWS;C:\WINDOWS\System32\Wbem;C:\WINDOWS\System32\WindowsPowerShell\v1.0\;C:\WINDOWS\System32\OpenSSH\;C:\MinGW\bin;C:\Program Files (x86)\Microsoft SQL Server\160\Tools\Binn\;C:\Program Files\Microsoft SQL Server\160\Tools\Binn\;C:\Program Files\Microsoft SQL Server\Client SDK\ODBC\170\Tools\Binn\;C:\Program Files\Microsoft SQL Server\160\DTS\Binn\;C:\Program Files (x86)\Microsoft SQL Server\160\DTS\Binn\;C:\Program Files\Azure Data Studio\bin;C:\Program Files\dotnet\;C:\Program Files\Microsoft SQL Server\150;C:\Users\caodu\AppData\Local\Programs\Microsoft VS Code\bin;C:\Users\caodu\.dotnet\tools;C:\Program Files\JetBrains\PyCharm 2024.2.3\bin;;C:\Users\caodu\AppData\Local\Microsoft\WindowsApps;C:\Users\caodu\AppData\Local\Google\Cloud SDK\google-cloud-sdk\bin;C:\Users\caodu\AppData\Local\Android\Sdk\platform-tools;C:\Program Files\Apache\Maven\apache-maven-3.9.11\bin;C:\Users\caodu\AppData\Roaming\npm;C:\Users\caodu\AppData\Local\nvm;C:\nvm4w\nodejs
USERNAME=caodu
OS=Windows_NT
PROCESSOR_IDENTIFIER=AMD64 Family 25 Model 68 Stepping 1, AuthenticAMD
TMP=C:\Users\caodu\AppData\Local\Temp
TEMP=C:\Users\caodu\AppData\Local\Temp




Periodic native trim disabled

---------------  S Y S T E M  ---------------

OS:
 Windows 11 , 64 bit Build 26100 (10.0.26100.7309)
OS uptime: 0 days 7:21 hours
Hyper-V role detected

CPU: total 12 (initial active 12) (12 cores per cpu, 2 threads per core) family 25 model 68 stepping 1 microcode 0xa404101, cx8, cmov, fxsr, ht, mmx, 3dnowpref, sse, sse2, sse3, ssse3, sse4a, sse4.1, sse4.2, popcnt, lzcnt, tsc, tscinvbit, avx, avx2, aes, clmul, bmi1, bmi2, adx, sha, fma, vzeroupper, clflush, clflushopt, hv, rdtscp, rdpid, f16c, cet_ss
Processor Information for processor 0
  Max Mhz: 3301, Current Mhz: 2008, Mhz Limit: 3301
Processor Information for processor 1
  Max Mhz: 3301, Current Mhz: 2503, Mhz Limit: 3301
Processor Information for processor 2
  Max Mhz: 3301, Current Mhz: 2503, Mhz Limit: 3301
Processor Information for processor 3
  Max Mhz: 3301, Current Mhz: 2503, Mhz Limit: 3301
Processor Information for processor 4
  Max Mhz: 3301, Current Mhz: 2503, Mhz Limit: 3301
Processor Information for processor 5
  Max Mhz: 3301, Current Mhz: 2503, Mhz Limit: 3301
Processor Information for processor 6
  Max Mhz: 3301, Current Mhz: 2503, Mhz Limit: 3301
Processor Information for processor 7
  Max Mhz: 3301, Current Mhz: 2008, Mhz Limit: 3301
Processor Information for processor 8
  Max Mhz: 3301, Current Mhz: 2503, Mhz Limit: 3301
Processor Information for processor 9
  Max Mhz: 3301, Current Mhz: 2503, Mhz Limit: 3301
Processor Information for processor 10
  Max Mhz: 3301, Current Mhz: 2503, Mhz Limit: 3301
Processor Information for processor 11
  Max Mhz: 3301, Current Mhz: 2503, Mhz Limit: 3301

Memory: 4k page, system-wide physical 7365M (9M free)
TotalPageFile size 36037M (AvailPageFile size 8M)
current process WorkingSet (physical memory assigned to process): 6M, peak: 330M
current process commit charge ("private bytes"): 364M, peak: 424M

vm_info: OpenJDK 64-Bit Server VM (21.0.9+10-LTS) for windows-amd64 JRE (21.0.9+10-LTS), built on 2025-10-21T00:00:00Z by "admin" with unknown MS VC++:1942

END.
